Gyro_l3g4200.c:2:9:readDeviceName	48	static
Gyro_l3g4200.c:15:9:readRegister	48	static
Gyro_l3g4200.c:37:9:readControlRegister1	48	static
Gyro_l3g4200.c:49:9:readControlRegister2	48	static
Gyro_l3g4200.c:61:9:readControlRegister3	48	static
Gyro_l3g4200.c:73:9:readControlRegister4	48	static
Gyro_l3g4200.c:85:9:readControlRegister5	48	static
Gyro_l3g4200.c:101:9:readStatusRegister	48	static
Gyro_l3g4200.c:114:9:setDeviceMode	32	static
Gyro_l3g4200.c:161:9:setDeviceIntoNormal	48	static
Gyro_l3g4200.c:177:9:setDeviceIntoModeSleep	48	static
Gyro_l3g4200.c:192:9:setDeviceIntoModeShutdown	48	static
Gyro_l3g4200.c:207:9:setWatermarkLevel	48	static
Gyro_l3g4200.c:223:9:setFIFOEnable	48	static
Gyro_l3g4200.c:238:9:setBuffferMode	48	static
Gyro_l3g4200.c:272:9:isFIFOstoreFull	40	static
Gyro_l3g4200.c:280:9:isFIFOstoreEmpty	40	static
Gyro_l3g4200.c:288:9:readOutputTemperature	48	static
Gyro_l3g4200.c:301:9:readRollValue	40	static
Gyro_l3g4200.c:323:9:readPitchValue	40	static
Gyro_l3g4200.c:345:9:readYawValue	40	static
